  Determining projects to restore...
  All projects are up-to-date for restore.
  BatTrang.Core -> H:\WORK\Battrangonline\backend\BatTrang.Core\bin\Debug\net8.0\BatTrang.Core.dll
H:\WORK\Battrangonline\backend\BatTrang.Infrastructure\Seed\DataSeeder.cs(60,95): error CS0117: 'Product' does not contain a definition for 'Price' [H:\WORK\Battrangonline\backend\BatTrang.Infrastructure\BatTrang.Infrastructure.csproj]
H:\WORK\Battrangonline\backend\BatTrang.Infrastructure\Seed\DataSeeder.cs(60,216): error CS0117: 'Product' does not contain a definition for 'Size' [H:\WORK\Battrangonline\backend\BatTrang.Infrastructure\BatTrang.Infrastructure.csproj]
H:\WORK\Battrangonline\backend\BatTrang.Infrastructure\Seed\DataSeeder.cs(60,269): error CS0117: 'Product' does not contain a definition for 'Stock' [H:\WORK\Battrangonline\backend\BatTrang.Infrastructure\BatTrang.Infrastructure.csproj]
H:\WORK\Battrangonline\backend\BatTrang.Infrastructure\Seed\DataSeeder.cs(61,87): error CS0117: 'Product' does not contain a definition for 'Price' [H:\WORK\Battrangonline\backend\BatTrang.Infrastructure\BatTrang.Infrastructure.csproj]
H:\WORK\Battrangonline\backend\BatTrang.Infrastructure\Seed\DataSeeder.cs(61,189): error CS0117: 'Product' does not contain a definition for 'Size' [H:\WORK\Battrangonline\backend\BatTrang.Infrastructure\BatTrang.Infrastructure.csproj]
H:\WORK\Battrangonline\backend\BatTrang.Infrastructure\Seed\DataSeeder.cs(61,223): error CS0117: 'Product' does not contain a definition for 'Stock' [H:\WORK\Battrangonline\backend\BatTrang.Infrastructure\BatTrang.Infrastructure.csproj]
H:\WORK\Battrangonline\backend\BatTrang.Infrastructure\Seed\DataSeeder.cs(62,81): error CS0117: 'Product' does not contain a definition for 'Price' [H:\WORK\Battrangonline\backend\BatTrang.Infrastructure\BatTrang.Infrastructure.csproj]
H:\WORK\Battrangonline\backend\BatTrang.Infrastructure\Seed\DataSeeder.cs(62,191): error CS0117: 'Product' does not contain a definition for 'Size' [H:\WORK\Battrangonline\backend\BatTrang.Infrastructure\BatTrang.Infrastructure.csproj]
H:\WORK\Battrangonline\backend\BatTrang.Infrastructure\Seed\DataSeeder.cs(62,225): error CS0117: 'Product' does not contain a definition for 'Stock' [H:\WORK\Battrangonline\backend\BatTrang.Infrastructure\BatTrang.Infrastructure.csproj]
H:\WORK\Battrangonline\backend\BatTrang.Infrastructure\Seed\DataSeeder.cs(63,101): error CS0117: 'Product' does not contain a definition for 'Price' [H:\WORK\Battrangonline\backend\BatTrang.Infrastructure\BatTrang.Infrastructure.csproj]
H:\WORK\Battrangonline\backend\BatTrang.Infrastructure\Seed\DataSeeder.cs(63,202): error CS0117: 'Product' does not contain a definition for 'Size' [H:\WORK\Battrangonline\backend\BatTrang.Infrastructure\BatTrang.Infrastructure.csproj]
H:\WORK\Battrangonline\backend\BatTrang.Infrastructure\Seed\DataSeeder.cs(63,254): error CS0117: 'Product' does not contain a definition for 'Stock' [H:\WORK\Battrangonline\backend\BatTrang.Infrastructure\BatTrang.Infrastructure.csproj]
H:\WORK\Battrangonline\backend\BatTrang.Infrastructure\Seed\DataSeeder.cs(64,91): error CS0117: 'Product' does not contain a definition for 'Price' [H:\WORK\Battrangonline\backend\BatTrang.Infrastructure\BatTrang.Infrastructure.csproj]
H:\WORK\Battrangonline\backend\BatTrang.Infrastructure\Seed\DataSeeder.cs(64,206): error CS0117: 'Product' does not contain a definition for 'Size' [H:\WORK\Battrangonline\backend\BatTrang.Infrastructure\BatTrang.Infrastructure.csproj]
H:\WORK\Battrangonline\backend\BatTrang.Infrastructure\Seed\DataSeeder.cs(64,244): error CS0117: 'Product' does not contain a definition for 'Stock' [H:\WORK\Battrangonline\backend\BatTrang.Infrastructure\BatTrang.Infrastructure.csproj]
H:\WORK\Battrangonline\backend\BatTrang.Infrastructure\Seed\DataSeeder.cs(65,81): error CS0117: 'Product' does not contain a definition for 'Price' [H:\WORK\Battrangonline\backend\BatTrang.Infrastructure\BatTrang.Infrastructure.csproj]
H:\WORK\Battrangonline\backend\BatTrang.Infrastructure\Seed\DataSeeder.cs(65,187): error CS0117: 'Product' does not contain a definition for 'Size' [H:\WORK\Battrangonline\backend\BatTrang.Infrastructure\BatTrang.Infrastructure.csproj]
H:\WORK\Battrangonline\backend\BatTrang.Infrastructure\Seed\DataSeeder.cs(65,221): error CS0117: 'Product' does not contain a definition for 'Stock' [H:\WORK\Battrangonline\backend\BatTrang.Infrastructure\BatTrang.Infrastructure.csproj]
H:\WORK\Battrangonline\backend\BatTrang.Infrastructure\Seed\DataSeeder.cs(66,85): error CS0117: 'Product' does not contain a definition for 'Price' [H:\WORK\Battrangonline\backend\BatTrang.Infrastructure\BatTrang.Infrastructure.csproj]
H:\WORK\Battrangonline\backend\BatTrang.Infrastructure\Seed\DataSeeder.cs(66,205): error CS0117: 'Product' does not contain a definition for 'Size' [H:\WORK\Battrangonline\backend\BatTrang.Infrastructure\BatTrang.Infrastructure.csproj]
H:\WORK\Battrangonline\backend\BatTrang.Infrastructure\Seed\DataSeeder.cs(66,241): error CS0117: 'Product' does not contain a definition for 'Stock' [H:\WORK\Battrangonline\backend\BatTrang.Infrastructure\BatTrang.Infrastructure.csproj]
H:\WORK\Battrangonline\backend\BatTrang.Infrastructure\Seed\DataSeeder.cs(67,93): error CS0117: 'Product' does not contain a definition for 'Price' [H:\WORK\Battrangonline\backend\BatTrang.Infrastructure\BatTrang.Infrastructure.csproj]
H:\WORK\Battrangonline\backend\BatTrang.Infrastructure\Seed\DataSeeder.cs(67,197): error CS0117: 'Product' does not contain a definition for 'Size' [H:\WORK\Battrangonline\backend\BatTrang.Infrastructure\BatTrang.Infrastructure.csproj]
H:\WORK\Battrangonline\backend\BatTrang.Infrastructure\Seed\DataSeeder.cs(67,231): error CS0117: 'Product' does not contain a definition for 'Stock' [H:\WORK\Battrangonline\backend\BatTrang.Infrastructure\BatTrang.Infrastructure.csproj]
H:\WORK\Battrangonline\backend\BatTrang.Infrastructure\Repositories\ProductRepository.cs(61,50): error CS1061: 'Product' does not contain a definition for 'Price' and no accessible extension method 'Price' accepting a first argument of type 'Product' could be found (are you missing a using directive or an assembly reference?) [H:\WORK\Battrangonline\backend\BatTrang.Infrastructure\BatTrang.Infrastructure.csproj]
H:\WORK\Battrangonline\backend\BatTrang.Infrastructure\Repositories\ProductRepository.cs(64,60): error CS1061: 'Product' does not contain a definition for 'Price' and no accessible extension method 'Price' accepting a first argument of type 'Product' could be found (are you missing a using directive or an assembly reference?) [H:\WORK\Battrangonline\backend\BatTrang.Infrastructure\BatTrang.Infrastructure.csproj]

Build FAILED.

H:\WORK\Battrangonline\backend\BatTrang.Infrastructure\Seed\DataSeeder.cs(60,95): error CS0117: 'Product' does not contain a definition for 'Price' [H:\WORK\Battrangonline\backend\BatTrang.Infrastructure\BatTrang.Infrastructure.csproj]
H:\WORK\Battrangonline\backend\BatTrang.Infrastructure\Seed\DataSeeder.cs(60,216): error CS0117: 'Product' does not contain a definition for 'Size' [H:\WORK\Battrangonline\backend\BatTrang.Infrastructure\BatTrang.Infrastructure.csproj]
H:\WORK\Battrangonline\backend\BatTrang.Infrastructure\Seed\DataSeeder.cs(60,269): error CS0117: 'Product' does not contain a definition for 'Stock' [H:\WORK\Battrangonline\backend\BatTrang.Infrastructure\BatTrang.Infrastructure.csproj]
H:\WORK\Battrangonline\backend\BatTrang.Infrastructure\Seed\DataSeeder.cs(61,87): error CS0117: 'Product' does not contain a definition for 'Price' [H:\WORK\Battrangonline\backend\BatTrang.Infrastructure\BatTrang.Infrastructure.csproj]
H:\WORK\Battrangonline\backend\BatTrang.Infrastructure\Seed\DataSeeder.cs(61,189): error CS0117: 'Product' does not contain a definition for 'Size' [H:\WORK\Battrangonline\backend\BatTrang.Infrastructure\BatTrang.Infrastructure.csproj]
H:\WORK\Battrangonline\backend\BatTrang.Infrastructure\Seed\DataSeeder.cs(61,223): error CS0117: 'Product' does not contain a definition for 'Stock' [H:\WORK\Battrangonline\backend\BatTrang.Infrastructure\BatTrang.Infrastructure.csproj]
H:\WORK\Battrangonline\backend\BatTrang.Infrastructure\Seed\DataSeeder.cs(62,81): error CS0117: 'Product' does not contain a definition for 'Price' [H:\WORK\Battrangonline\backend\BatTrang.Infrastructure\BatTrang.Infrastructure.csproj]
H:\WORK\Battrangonline\backend\BatTrang.Infrastructure\Seed\DataSeeder.cs(62,191): error CS0117: 'Product' does not contain a definition for 'Size' [H:\WORK\Battrangonline\backend\BatTrang.Infrastructure\BatTrang.Infrastructure.csproj]
H:\WORK\Battrangonline\backend\BatTrang.Infrastructure\Seed\DataSeeder.cs(62,225): error CS0117: 'Product' does not contain a definition for 'Stock' [H:\WORK\Battrangonline\backend\BatTrang.Infrastructure\BatTrang.Infrastructure.csproj]
H:\WORK\Battrangonline\backend\BatTrang.Infrastructure\Seed\DataSeeder.cs(63,101): error CS0117: 'Product' does not contain a definition for 'Price' [H:\WORK\Battrangonline\backend\BatTrang.Infrastructure\BatTrang.Infrastructure.csproj]
H:\WORK\Battrangonline\backend\BatTrang.Infrastructure\Seed\DataSeeder.cs(63,202): error CS0117: 'Product' does not contain a definition for 'Size' [H:\WORK\Battrangonline\backend\BatTrang.Infrastructure\BatTrang.Infrastructure.csproj]
H:\WORK\Battrangonline\backend\BatTrang.Infrastructure\Seed\DataSeeder.cs(63,254): error CS0117: 'Product' does not contain a definition for 'Stock' [H:\WORK\Battrangonline\backend\BatTrang.Infrastructure\BatTrang.Infrastructure.csproj]
H:\WORK\Battrangonline\backend\BatTrang.Infrastructure\Seed\DataSeeder.cs(64,91): error CS0117: 'Product' does not contain a definition for 'Price' [H:\WORK\Battrangonline\backend\BatTrang.Infrastructure\BatTrang.Infrastructure.csproj]
H:\WORK\Battrangonline\backend\BatTrang.Infrastructure\Seed\DataSeeder.cs(64,206): error CS0117: 'Product' does not contain a definition for 'Size' [H:\WORK\Battrangonline\backend\BatTrang.Infrastructure\BatTrang.Infrastructure.csproj]
H:\WORK\Battrangonline\backend\BatTrang.Infrastructure\Seed\DataSeeder.cs(64,244): error CS0117: 'Product' does not contain a definition for 'Stock' [H:\WORK\Battrangonline\backend\BatTrang.Infrastructure\BatTrang.Infrastructure.csproj]
H:\WORK\Battrangonline\backend\BatTrang.Infrastructure\Seed\DataSeeder.cs(65,81): error CS0117: 'Product' does not contain a definition for 'Price' [H:\WORK\Battrangonline\backend\BatTrang.Infrastructure\BatTrang.Infrastructure.csproj]
H:\WORK\Battrangonline\backend\BatTrang.Infrastructure\Seed\DataSeeder.cs(65,187): error CS0117: 'Product' does not contain a definition for 'Size' [H:\WORK\Battrangonline\backend\BatTrang.Infrastructure\BatTrang.Infrastructure.csproj]
H:\WORK\Battrangonline\backend\BatTrang.Infrastructure\Seed\DataSeeder.cs(65,221): error CS0117: 'Product' does not contain a definition for 'Stock' [H:\WORK\Battrangonline\backend\BatTrang.Infrastructure\BatTrang.Infrastructure.csproj]
H:\WORK\Battrangonline\backend\BatTrang.Infrastructure\Seed\DataSeeder.cs(66,85): error CS0117: 'Product' does not contain a definition for 'Price' [H:\WORK\Battrangonline\backend\BatTrang.Infrastructure\BatTrang.Infrastructure.csproj]
H:\WORK\Battrangonline\backend\BatTrang.Infrastructure\Seed\DataSeeder.cs(66,205): error CS0117: 'Product' does not contain a definition for 'Size' [H:\WORK\Battrangonline\backend\BatTrang.Infrastructure\BatTrang.Infrastructure.csproj]
H:\WORK\Battrangonline\backend\BatTrang.Infrastructure\Seed\DataSeeder.cs(66,241): error CS0117: 'Product' does not contain a definition for 'Stock' [H:\WORK\Battrangonline\backend\BatTrang.Infrastructure\BatTrang.Infrastructure.csproj]
H:\WORK\Battrangonline\backend\BatTrang.Infrastructure\Seed\DataSeeder.cs(67,93): error CS0117: 'Product' does not contain a definition for 'Price' [H:\WORK\Battrangonline\backend\BatTrang.Infrastructure\BatTrang.Infrastructure.csproj]
H:\WORK\Battrangonline\backend\BatTrang.Infrastructure\Seed\DataSeeder.cs(67,197): error CS0117: 'Product' does not contain a definition for 'Size' [H:\WORK\Battrangonline\backend\BatTrang.Infrastructure\BatTrang.Infrastructure.csproj]
H:\WORK\Battrangonline\backend\BatTrang.Infrastructure\Seed\DataSeeder.cs(67,231): error CS0117: 'Product' does not contain a definition for 'Stock' [H:\WORK\Battrangonline\backend\BatTrang.Infrastructure\BatTrang.Infrastructure.csproj]
H:\WORK\Battrangonline\backend\BatTrang.Infrastructure\Repositories\ProductRepository.cs(61,50): error CS1061: 'Product' does not contain a definition for 'Price' and no accessible extension method 'Price' accepting a first argument of type 'Product' could be found (are you missing a using directive or an assembly reference?) [H:\WORK\Battrangonline\backend\BatTrang.Infrastructure\BatTrang.Infrastructure.csproj]
H:\WORK\Battrangonline\backend\BatTrang.Infrastructure\Repositories\ProductRepository.cs(64,60): error CS1061: 'Product' does not contain a definition for 'Price' and no accessible extension method 'Price' accepting a first argument of type 'Product' could be found (are you missing a using directive or an assembly reference?) [H:\WORK\Battrangonline\backend\BatTrang.Infrastructure\BatTrang.Infrastructure.csproj]
    0 Warning(s)
    26 Error(s)

Time Elapsed 00:00:05.65
